input:      [38, 27, 43, 3, 9, 82, 10, 3, -5, 0, 27]
quicksort:  [-5, 0, 3, 3, 9, 10, 27, 27, 38, 43, 82]
mergesort:  [-5, 0, 3, 3, 9, 10, 27, 27, 38, 43, 82]
insertion:  [-5, 0, 3, 3, 9, 10, 27, 27, 38, 43, 82]
bubble:     [-5, 0, 3, 3, 9, 10, 27, 27, 38, 43, 82]
selection:  [-5, 0, 3, 3, 9, 10, 27, 27, 38, 43, 82]
builtin:    [-5, 0, 3, 3, 9, 10, 27, 27, 38, 43, 82]
unchanged:  [38, 27, 43, 3, 9, 82, 10, 3, -5, 0, 27]
all agree:  true
edge cases: [] [1] [1, 2] [] [7]
found 3 at 2 (s[2] = 3)
found 82 at 10 (s[10] = 82)
found -5 at 0 (s[0] = -5)
found 43 at 9 (s[9] = 43)
100 not found
1 not found
true false true
['apple', 'banana', 'cherry', 'date', 'fig', 'kiwi', 'plum']
true true
true
['fig', 'kiwi', 'date', 'plum', 'apple', 'banana', 'cherry']
['fig', 'date', 'kiwi', 'plum', 'apple', 'banana', 'cherry']
3 -1
[3, 4, 4, 4, 5, 6, 6] true
