tokens: 41
distinct: 22
rank  word        count  bar
--------------------------------
   1  the             8  ########
   2  fox             4  ####
   3  dog             3  ###
   4  lazy            3  ###
   5  quick           3  ###
   6  does            2  ##
   7  not             2  ##
   8  wins            2  ##
hapax legomena (14):
  afternoon and are being brown care chase
  drifts foxes jumps naps on over thinking
average length: 3.95
longest: afternoon (9)
shortest: on
len  2: on
len  3: and, are, dog, fox, not, the
len  4: care, does, lazy, naps, over, wins
len  5: being, brown, chase, foxes, jumps, quick
len  6: drifts
len  8: thinking
len  9: afternoon
dominant word: the x8
